D:\Ra92-2016\duck_hunt\battle_city_design\implementation\battle_city.ngc 1559232657
D:/Ra92-2016/duck_hunt/battle_city_design/implementation/battle_city_io_periph_wrapper.ngc 1559232628
D:/Ra92-2016/duck_hunt/battle_city_design/implementation/battle_city_proc_sys_reset_0_wrapper.ngc 1559232540
D:/Ra92-2016/duck_hunt/battle_city_design/implementation/battle_city_clock_generator_0_wrapper.ngc 1559232640
D:/Ra92-2016/duck_hunt/battle_city_design/implementation/battle_city_battle_city_periph_0_wrapper.ngc 1559232622
D:/Ra92-2016/duck_hunt/battle_city_design/implementation/battle_city_microblaze_0_ilmb_wrapper.ngc 1559232632
D:/Ra92-2016/duck_hunt/battle_city_design/implementation/battle_city_microblaze_0_dlmb_wrapper.ngc 1559232635
D:/Ra92-2016/duck_hunt/battle_city_design/implementation/battle_city_axi4lite_0_wrapper.ngc 1559232643
D:/Ra92-2016/duck_hunt/battle_city_design/implementation/battle_city_microblaze_0_wrapper.ngc 1559232637
D:/Ra92-2016/duck_hunt/battle_city_design/implementation/battle_city_microblaze_0_i_bram_ctrl_wrapper.ngc 1559232549
D:/Ra92-2016/duck_hunt/battle_city_design/implementation/battle_city_microblaze_0_d_bram_ctrl_wrapper.ngc 1559232558
D:/Ra92-2016/duck_hunt/battle_city_design/implementation/battle_city_debug_module_wrapper.ngc 1559232596
D:/Ra92-2016/duck_hunt/battle_city_design/implementation/battle_city_microblaze_0_bram_block_wrapper.ngc 1559232564
OK
