D:\Patka\duck_hunt\battle_city_design\implementation\battle_city.ngc 1559550737
D:/Patka/duck_hunt/battle_city_design/implementation/battle_city_io_periph_wrapper.ngc 1559550709
D:/Patka/duck_hunt/battle_city_design/implementation/battle_city_proc_sys_reset_0_wrapper.ngc 1559550624
D:/Patka/duck_hunt/battle_city_design/implementation/battle_city_clock_generator_0_wrapper.ngc 1559550721
D:/Patka/duck_hunt/battle_city_design/implementation/battle_city_battle_city_periph_0_wrapper.ngc 1559550702
D:/Patka/duck_hunt/battle_city_design/implementation/battle_city_microblaze_0_ilmb_wrapper.ngc 1559550712
D:/Patka/duck_hunt/battle_city_design/implementation/battle_city_microblaze_0_dlmb_wrapper.ngc 1559550715
D:/Patka/duck_hunt/battle_city_design/implementation/battle_city_axi4lite_0_wrapper.ngc 1559550724
D:/Patka/duck_hunt/battle_city_design/implementation/battle_city_microblaze_0_wrapper.ngc 1559550718
D:/Patka/duck_hunt/battle_city_design/implementation/battle_city_microblaze_0_i_bram_ctrl_wrapper.ngc 1559550633
D:/Patka/duck_hunt/battle_city_design/implementation/battle_city_microblaze_0_d_bram_ctrl_wrapper.ngc 1559550642
D:/Patka/duck_hunt/battle_city_design/implementation/battle_city_debug_module_wrapper.ngc 1559550679
D:/Patka/duck_hunt/battle_city_design/implementation/battle_city_microblaze_0_bram_block_wrapper.ngc 1559550647
OK
