C:\Users\student\Downloads\Stoljpi_za_duck_hunt-master\Stoljpi_za_duck_hunt-master\Stoljpi_za_duck_hunt\Stoljpi_Project\implementation\system.ngc 1557734807
C:/Users/student/Downloads/Stoljpi_za_duck_hunt-master/Stoljpi_za_duck_hunt-master/Stoljpi_za_duck_hunt/Stoljpi_Project/implementation/system_my_peripheral_0_wrapper.ngc 1557734748
C:/Users/student/Downloads/Stoljpi_za_duck_hunt-master/Stoljpi_za_duck_hunt-master/Stoljpi_za_duck_hunt/Stoljpi_Project/implementation/system_rs232_wrapper.ngc 1557734740
C:/Users/student/Downloads/Stoljpi_za_duck_hunt-master/Stoljpi_za_duck_hunt-master/Stoljpi_za_duck_hunt/Stoljpi_Project/implementation/system_proc_sys_reset_0_wrapper.ngc 1557734642
C:/Users/student/Downloads/Stoljpi_za_duck_hunt-master/Stoljpi_za_duck_hunt-master/Stoljpi_za_duck_hunt/Stoljpi_Project/implementation/system_clock_generator_0_wrapper.ngc 1557734785
C:/Users/student/Downloads/Stoljpi_za_duck_hunt-master/Stoljpi_za_duck_hunt-master/Stoljpi_za_duck_hunt/Stoljpi_Project/implementation/system_vga_periph_mem_0_wrapper.ngc 1557734791
C:/Users/student/Downloads/Stoljpi_za_duck_hunt-master/Stoljpi_za_duck_hunt-master/Stoljpi_za_duck_hunt/Stoljpi_Project/implementation/system_microblaze_0_ilmb_wrapper.ngc 1557734773
C:/Users/student/Downloads/Stoljpi_za_duck_hunt-master/Stoljpi_za_duck_hunt-master/Stoljpi_za_duck_hunt/Stoljpi_Project/implementation/system_microblaze_0_dlmb_wrapper.ngc 1557734776
C:/Users/student/Downloads/Stoljpi_za_duck_hunt-master/Stoljpi_za_duck_hunt-master/Stoljpi_za_duck_hunt/Stoljpi_Project/implementation/system_axi4lite_0_wrapper.ngc 1557734788
C:/Users/student/Downloads/Stoljpi_za_duck_hunt-master/Stoljpi_za_duck_hunt-master/Stoljpi_za_duck_hunt/Stoljpi_Project/implementation/system_microblaze_0_wrapper.ngc 1557734781
C:/Users/student/Downloads/Stoljpi_za_duck_hunt-master/Stoljpi_za_duck_hunt-master/Stoljpi_za_duck_hunt/Stoljpi_Project/implementation/system_axi_intc_0_wrapper.ngc 1557734767
C:/Users/student/Downloads/Stoljpi_za_duck_hunt-master/Stoljpi_za_duck_hunt-master/Stoljpi_za_duck_hunt/Stoljpi_Project/implementation/system_microblaze_0_i_bram_ctrl_wrapper.ngc 1557734652
C:/Users/student/Downloads/Stoljpi_za_duck_hunt-master/Stoljpi_za_duck_hunt-master/Stoljpi_za_duck_hunt/Stoljpi_Project/implementation/system_microblaze_0_d_bram_ctrl_wrapper.ngc 1557734662
C:/Users/student/Downloads/Stoljpi_za_duck_hunt-master/Stoljpi_za_duck_hunt-master/Stoljpi_za_duck_hunt/Stoljpi_Project/implementation/system_debug_module_wrapper.ngc 1557734717
C:/Users/student/Downloads/Stoljpi_za_duck_hunt-master/Stoljpi_za_duck_hunt-master/Stoljpi_za_duck_hunt/Stoljpi_Project/implementation/system_microblaze_0_bram_block_wrapper.ngc 1557734668
OK
