D:\Patka\duck_hunt\Stoljpi_za_duck_hunt-master\Stoljpi_za_duck_hunt-master\Stoljpi_za_duck_hunt\Stoljpi_Project\implementation\system.ngc 1559717631
D:/Patka/duck_hunt/Stoljpi_za_duck_hunt-master/Stoljpi_za_duck_hunt-master/Stoljpi_za_duck_hunt/Stoljpi_Project/implementation/system_my_peripheral_0_wrapper.ngc 1559717589
D:/Patka/duck_hunt/Stoljpi_za_duck_hunt-master/Stoljpi_za_duck_hunt-master/Stoljpi_za_duck_hunt/Stoljpi_Project/implementation/system_rs232_wrapper.ngc 1559551242
D:/Patka/duck_hunt/Stoljpi_za_duck_hunt-master/Stoljpi_za_duck_hunt-master/Stoljpi_za_duck_hunt/Stoljpi_Project/implementation/system_proc_sys_reset_0_wrapper.ngc 1559551169
D:/Patka/duck_hunt/Stoljpi_za_duck_hunt-master/Stoljpi_za_duck_hunt-master/Stoljpi_za_duck_hunt/Stoljpi_Project/implementation/system_clock_generator_0_wrapper.ngc 1559717612
D:/Patka/duck_hunt/Stoljpi_za_duck_hunt-master/Stoljpi_za_duck_hunt-master/Stoljpi_za_duck_hunt/Stoljpi_Project/implementation/system_vga_periph_mem_0_wrapper.ngc 1559717618
D:/Patka/duck_hunt/Stoljpi_za_duck_hunt-master/Stoljpi_za_duck_hunt-master/Stoljpi_za_duck_hunt/Stoljpi_Project/implementation/system_microblaze_0_ilmb_wrapper.ngc 1559717604
D:/Patka/duck_hunt/Stoljpi_za_duck_hunt-master/Stoljpi_za_duck_hunt-master/Stoljpi_za_duck_hunt/Stoljpi_Project/implementation/system_microblaze_0_dlmb_wrapper.ngc 1559717606
D:/Patka/duck_hunt/Stoljpi_za_duck_hunt-master/Stoljpi_za_duck_hunt-master/Stoljpi_za_duck_hunt/Stoljpi_Project/implementation/system_axi4lite_0_wrapper.ngc 1559717615
D:/Patka/duck_hunt/Stoljpi_za_duck_hunt-master/Stoljpi_za_duck_hunt-master/Stoljpi_za_duck_hunt/Stoljpi_Project/implementation/system_microblaze_0_wrapper.ngc 1559717609
D:/Patka/duck_hunt/Stoljpi_za_duck_hunt-master/Stoljpi_za_duck_hunt-master/Stoljpi_za_duck_hunt/Stoljpi_Project/implementation/system_axi_intc_0_wrapper.ngc 1559551267
D:/Patka/duck_hunt/Stoljpi_za_duck_hunt-master/Stoljpi_za_duck_hunt-master/Stoljpi_za_duck_hunt/Stoljpi_Project/implementation/system_microblaze_0_i_bram_ctrl_wrapper.ngc 1559551178
D:/Patka/duck_hunt/Stoljpi_za_duck_hunt-master/Stoljpi_za_duck_hunt-master/Stoljpi_za_duck_hunt/Stoljpi_Project/implementation/system_microblaze_0_d_bram_ctrl_wrapper.ngc 1559551187
D:/Patka/duck_hunt/Stoljpi_za_duck_hunt-master/Stoljpi_za_duck_hunt-master/Stoljpi_za_duck_hunt/Stoljpi_Project/implementation/system_debug_module_wrapper.ngc 1559551223
D:/Patka/duck_hunt/Stoljpi_za_duck_hunt-master/Stoljpi_za_duck_hunt-master/Stoljpi_za_duck_hunt/Stoljpi_Project/implementation/system_microblaze_0_bram_block_wrapper.ngc 1559551192
OK
